// Jest Snapshot v1, https://goo.gl/fbAQLP

exports[`App should match the snapshot with all data passed in 1`] = `
<div
  className="App"
>
  <header>
    <SearchForm
      updateSearch={[Function]}
    />
  </header>
  <Places
    places={Array []}
    updateFilters={[Function]}
  />
</div>
`;
